Site 2: T1 write x1=0
Site 1: T1 write x2=0
Site 2: T1 write x2=0
Site 3: T1 write x2=0
Site 4: T1 write x2=0
Site 5: T1 write x2=0
Site 6: T1 write x2=0
Site 7: T1 write x2=0
Site 8: T1 write x2=0
Site 9: T1 write x2=0
Site 10: T1 write x2=0
Site 4: T1 write x3=0
Site 1: T1 write x4=0
Site 2: T1 write x4=0
Site 3: T1 write x4=0
Site 4: T1 write x4=0
Site 5: T1 write x4=0
Site 6: T1 write x4=0
Site 7: T1 write x4=0
Site 8: T1 write x4=0
Site 9: T1 write x4=0
Site 10: T1 write x4=0
Site 6: T1 write x5=0
Site 1: T1 write x6=0
Site 2: T1 write x6=0
Site 3: T1 write x6=0
Site 4: T1 write x6=0
Site 5: T1 write x6=0
Site 6: T1 write x6=0
Site 7: T1 write x6=0
Site 8: T1 write x6=0
Site 9: T1 write x6=0
Site 10: T1 write x6=0
Site 8: T1 write x7=0
Site 1: T1 write x8=0
Site 2: T1 write x8=0
Site 3: T1 write x8=0
Site 4: T1 write x8=0
Site 5: T1 write x8=0
Site 6: T1 write x8=0
Site 7: T1 write x8=0
Site 8: T1 write x8=0
Site 9: T1 write x8=0
Site 10: T1 write x8=0
Site 10: T1 write x9=0
Site 1: T1 write x10=0
Site 2: T1 write x10=0
Site 3: T1 write x10=0
Site 4: T1 write x10=0
Site 5: T1 write x10=0
Site 6: T1 write x10=0
Site 7: T1 write x10=0
Site 8: T1 write x10=0
Site 9: T1 write x10=0
Site 10: T1 write x10=0
Site 2: T1 write x11=0
Site 1: T1 write x12=0
Site 2: T1 write x12=0
Site 3: T1 write x12=0
Site 4: T1 write x12=0
Site 5: T1 write x12=0
Site 6: T1 write x12=0
Site 7: T1 write x12=0
Site 8: T1 write x12=0
Site 9: T1 write x12=0
Site 10: T1 write x12=0
Site 4: T1 write x13=0
Site 1: T1 write x14=0
Site 2: T1 write x14=0
Site 3: T1 write x14=0
Site 4: T1 write x14=0
Site 5: T1 write x14=0
Site 6: T1 write x14=0
Site 7: T1 write x14=0
Site 8: T1 write x14=0
Site 9: T1 write x14=0
Site 10: T1 write x14=0
Site 6: T1 write x15=0
Site 1: T1 write x16=0
Site 2: T1 write x16=0
Site 3: T1 write x16=0
Site 4: T1 write x16=0
Site 5: T1 write x16=0
Site 6: T1 write x16=0
Site 7: T1 write x16=0
Site 8: T1 write x16=0
Site 9: T1 write x16=0
Site 10: T1 write x16=0
Site 8: T1 write x17=0
Site 1: T1 write x18=0
Site 2: T1 write x18=0
Site 3: T1 write x18=0
Site 4: T1 write x18=0
Site 5: T1 write x18=0
Site 6: T1 write x18=0
Site 7: T1 write x18=0
Site 8: T1 write x18=0
Site 9: T1 write x18=0
Site 10: T1 write x18=0
Site 10: T1 write x19=0
Site 1: T1 write x20=0
Site 2: T1 write x20=0
Site 3: T1 write x20=0
Site 4: T1 write x20=0
Site 5: T1 write x20=0
Site 6: T1 write x20=0
Site 7: T1 write x20=0
Site 8: T1 write x20=0
Site 9: T1 write x20=0
Site 10: T1 write x20=0
Commit: T1
Site 1 - x2: 0, x4: 0, x6: 0, x8: 0, x10: 0, x12: 0, x14: 0, x16: 0, x18: 0, x20: 0
Site 2 - x1: 0, x2: 0, x4: 0, x6: 0, x8: 0, x10: 0, x11: 0, x12: 0, x14: 0, x16: 0, x18: 0, x20: 0
Site 3 - x2: 0, x4: 0, x6: 0, x8: 0, x10: 0, x12: 0, x14: 0, x16: 0, x18: 0, x20: 0
Site 4 - x2: 0, x3: 0, x4: 0, x6: 0, x8: 0, x10: 0, x12: 0, x13: 0, x14: 0, x16: 0, x18: 0, x20: 0
Site 5 - x2: 0, x4: 0, x6: 0, x8: 0, x10: 0, x12: 0, x14: 0, x16: 0, x18: 0, x20: 0
Site 6 - x2: 0, x4: 0, x5: 0, x6: 0, x8: 0, x10: 0, x12: 0, x14: 0, x15: 0, x16: 0, x18: 0, x20: 0
Site 7 - x2: 0, x4: 0, x6: 0, x8: 0, x10: 0, x12: 0, x14: 0, x16: 0, x18: 0, x20: 0
Site 8 - x2: 0, x4: 0, x6: 0, x7: 0, x8: 0, x10: 0, x12: 0, x14: 0, x16: 0, x17: 0, x18: 0, x20: 0
Site 9 - x2: 0, x4: 0, x6: 0, x8: 0, x10: 0, x12: 0, x14: 0, x16: 0, x18: 0, x20: 0
Site 10 - x2: 0, x4: 0, x6: 0, x8: 0, x9: 0, x10: 0, x12: 0, x14: 0, x16: 0, x18: 0, x19: 0, x20: 0
