T3 reads on Site 4 - x3: 30
T4 reads on Site 1 - x4: 40
T5 reads on Site 6 - x5: 50
T1 reads on Site 2 - x1: 10
T2 reads on Site 1 - x2: 20
Transaction T1 blocked by a lock conflict. Locks: [T2]
Transaction T2 blocked by a lock conflict. Locks: [T3]
Transaction T3 blocked by a lock conflict. Locks: [T4]
Transaction T4 blocked by a lock conflict. Locks: [T5]
Transaction T5 blocked by a lock conflict. Locks: [T1]
Abort: T5
Site 6: T4 write x5=40
Commit: T4
Site 1: T3 write x4=30
Site 2: T3 write x4=30
Site 3: T3 write x4=30
Site 4: T3 write x4=30
Site 5: T3 write x4=30
Site 6: T3 write x4=30
Site 7: T3 write x4=30
Site 8: T3 write x4=30
Site 9: T3 write x4=30
Site 10: T3 write x4=30
Commit: T3
Site 4: T2 write x3=20
Commit: T2
Site 1: T1 write x2=10
Site 2: T1 write x2=10
Site 3: T1 write x2=10
Site 4: T1 write x2=10
Site 5: T1 write x2=10
Site 6: T1 write x2=10
Site 7: T1 write x2=10
Site 8: T1 write x2=10
Site 9: T1 write x2=10
Site 10: T1 write x2=10
Commit: T1
Site 1 - x2: 10, x4: 30, x6: 60, x8: 80, x10: 100, x12: 120, x14: 140, x16: 160, x18: 180, x20: 200
Site 2 - x1: 10, x2: 10, x4: 30, x6: 60, x8: 80, x10: 100, x11: 110, x12: 120, x14: 140, x16: 160, x18: 180, x20: 200
Site 3 - x2: 10, x4: 30, x6: 60, x8: 80, x10: 100, x12: 120, x14: 140, x16: 160, x18: 180, x20: 200
Site 4 - x2: 10, x3: 20, x4: 30, x6: 60, x8: 80, x10: 100, x12: 120, x13: 130, x14: 140, x16: 160, x18: 180, x20: 200
Site 5 - x2: 10, x4: 30, x6: 60, x8: 80, x10: 100, x12: 120, x14: 140, x16: 160, x18: 180, x20: 200
Site 6 - x2: 10, x4: 30, x5: 40, x6: 60, x8: 80, x10: 100, x12: 120, x14: 140, x15: 150, x16: 160, x18: 180, x20: 200
Site 7 - x2: 10, x4: 30, x6: 60, x8: 80, x10: 100, x12: 120, x14: 140, x16: 160, x18: 180, x20: 200
Site 8 - x2: 10, x4: 30, x6: 60, x7: 70, x8: 80, x10: 100, x12: 120, x14: 140, x16: 160, x17: 170, x18: 180, x20: 200
Site 9 - x2: 10, x4: 30, x6: 60, x8: 80, x10: 100, x12: 120, x14: 140, x16: 160, x18: 180, x20: 200
Site 10 - x2: 10, x4: 30, x6: 60, x8: 80, x9: 90, x10: 100, x12: 120, x14: 140, x16: 160, x18: 180, x19: 190, x20: 200
