T2 reads - x2: 20
Transaction T1 blocked by a lock conflict.
Abort: T1
Commit: T2
