Site 1: T1 write x4=5
Site 2: T1 write x4=5
Site 3: T1 write x4=5
Site 4: T1 write x4=5
Site 5: T1 write x4=5
Site 6: T1 write x4=5
Site 7: T1 write x4=5
Site 8: T1 write x4=5
Site 9: T1 write x4=5
Site 10: T1 write x4=5
Transaction T2 blocked by a lock conflict. Locks: [T1, T1, T1, T1, T1, T1, T1, T1, T1]
Transaction T3 blocked by a lock conflict. Locks: [T1, T1, T1, T1, T1, T1, T1, T1, T1]
Transaction T4 blocked by a lock conflict. Locks: [T1, T1, T1, T1, T1, T1, T1, T1, T1]
Transaction T5 blocked by a lock conflict. Locks: [T1, T1, T1, T1, T1, T1, T1, T1, T1]
Abort: T1
Site 1: T2 write x4=44
Site 2: T2 write x4=44
Site 3: T2 write x4=44
Site 4: T2 write x4=44
Site 5: T2 write x4=44
Site 6: T2 write x4=44
Site 7: T2 write x4=44
Site 8: T2 write x4=44
Site 9: T2 write x4=44
Site 10: T2 write x4=44
Commit: T2
Site 1: T3 write x4=55
Site 2: T3 write x4=55
Site 3: T3 write x4=55
Site 4: T3 write x4=55
Site 5: T3 write x4=55
Site 6: T3 write x4=55
Site 7: T3 write x4=55
Site 8: T3 write x4=55
Site 9: T3 write x4=55
Site 10: T3 write x4=55
Commit: T3
Site 1: T4 write x4=66
Site 2: T4 write x4=66
Site 3: T4 write x4=66
Site 4: T4 write x4=66
Site 5: T4 write x4=66
Site 6: T4 write x4=66
Site 7: T4 write x4=66
Site 8: T4 write x4=66
Site 9: T4 write x4=66
Site 10: T4 write x4=66
Commit: T4
Site 1: T5 write x4=77
Site 2: T5 write x4=77
Site 3: T5 write x4=77
Site 4: T5 write x4=77
Site 5: T5 write x4=77
Site 6: T5 write x4=77
Site 7: T5 write x4=77
Site 8: T5 write x4=77
Site 9: T5 write x4=77
Site 10: T5 write x4=77
Commit: T5
Site 1 - x2: 20, x4: 77, x6: 60, x8: 80, x10: 100, x12: 120, x14: 140, x16: 160, x18: 180, x20: 200
Site 2 - x1: 10, x2: 20, x4: 77, x6: 60, x8: 80, x10: 100, x11: 110, x12: 120, x14: 140, x16: 160, x18: 180, x20: 200
Site 3 - x2: 20, x4: 77, x6: 60, x8: 80, x10: 100, x12: 120, x14: 140, x16: 160, x18: 180, x20: 200
Site 4 - x2: 20, x3: 30, x4: 77, x6: 60, x8: 80, x10: 100, x12: 120, x13: 130, x14: 140, x16: 160, x18: 180, x20: 200
Site 5 - x2: 20, x4: 77, x6: 60, x8: 80, x10: 100, x12: 120, x14: 140, x16: 160, x18: 180, x20: 200
Site 6 - x2: 20, x4: 77, x5: 50, x6: 60, x8: 80, x10: 100, x12: 120, x14: 140, x15: 150, x16: 160, x18: 180, x20: 200
Site 7 - x2: 20, x4: 77, x6: 60, x8: 80, x10: 100, x12: 120, x14: 140, x16: 160, x18: 180, x20: 200
Site 8 - x2: 20, x4: 77, x6: 60, x7: 70, x8: 80, x10: 100, x12: 120, x14: 140, x16: 160, x17: 170, x18: 180, x20: 200
Site 9 - x2: 20, x4: 77, x6: 60, x8: 80, x10: 100, x12: 120, x14: 140, x16: 160, x18: 180, x20: 200
Site 10 - x2: 20, x4: 77, x6: 60, x8: 80, x9: 90, x10: 100, x12: 120, x14: 140, x16: 160, x18: 180, x19: 190, x20: 200
