T2 reads on Site 2 - x1: 10
Site 2: T1 write x1=81
T3 reads on Site 4 - x3: 30
T4 reads on Site 6 - x5: 50
Site 6: T4 write x5=9
Abort: T1
Abort: T3
Abort: T4
Commit: T2
Site 1 - x2: 20, x4: 40, x6: 60, x8: 80, x10: 100, x12: 120, x14: 140, x16: 160, x18: 180, x20: 200
Site 2 - x1: 10, x2: 20, x4: 40, x6: 60, x8: 80, x10: 100, x11: 110, x12: 120, x14: 140, x16: 160, x18: 180, x20: 200
Site 3 - x2: 20, x4: 40, x6: 60, x8: 80, x10: 100, x12: 120, x14: 140, x16: 160, x18: 180, x20: 200
Site 4 - x2: 20, x3: 30, x4: 40, x6: 60, x8: 80, x10: 100, x12: 120, x13: 130, x14: 140, x16: 160, x18: 180, x20: 200
Site 5 - x2: 20, x4: 40, x6: 60, x8: 80, x10: 100, x12: 120, x14: 140, x16: 160, x18: 180, x20: 200
Site 6 - x2: 20, x4: 40, x5: 50, x6: 60, x8: 80, x10: 100, x12: 120, x14: 140, x15: 150, x16: 160, x18: 180, x20: 200
Site 7 - x2: 20, x4: 40, x6: 60, x8: 80, x10: 100, x12: 120, x14: 140, x16: 160, x18: 180, x20: 200
Site 8 - x2: 20, x4: 40, x6: 60, x7: 70, x8: 80, x10: 100, x12: 120, x14: 140, x16: 160, x17: 170, x18: 180, x20: 200
Site 9 - x2: 20, x4: 40, x6: 60, x8: 80, x10: 100, x12: 120, x14: 140, x16: 160, x18: 180, x20: 200
Site 10 - x2: 20, x4: 40, x6: 60, x8: 80, x9: 90, x10: 100, x12: 120, x14: 140, x16: 160, x18: 180, x19: 190, x20: 200
