Site 1 - x2: 20, x4: 40, x6: 60, x8: 80, x10: 100, x12: 120, x14: 140, x16: 160, x18: 180, x20: 200
Site 2 - x1: 10, x2: 20, x4: 40, x6: 60, x8: 80, x10: 100, x11: 110, x12: 120, x14: 140, x16: 160, x18: 180, x20: 200
Site 3 - x2: 20, x4: 40, x6: 60, x8: 80, x10: 100, x12: 120, x14: 140, x16: 160, x18: 180, x20: 200
Site 4 - x2: 20, x3: 30, x4: 40, x6: 60, x8: 80, x10: 100, x12: 120, x13: 130, x14: 140, x16: 160, x18: 180, x20: 200
Site 5 - x2: 20, x4: 40, x6: 60, x8: 80, x10: 100, x12: 120, x14: 140, x16: 160, x18: 180, x20: 200
Site 6 - x2: 20, x4: 40, x5: 50, x6: 60, x8: 80, x10: 100, x12: 120, x14: 140, x15: 150, x16: 160, x18: 180, x20: 200
Site 7 - x2: 20, x4: 40, x6: 60, x8: 80, x10: 100, x12: 120, x14: 140, x16: 160, x18: 180, x20: 200
Site 8 - x2: 20, x4: 40, x6: 60, x7: 70, x8: 80, x10: 100, x12: 120, x14: 140, x16: 160, x17: 170, x18: 180, x20: 200
Site 9 - x2: 20, x4: 40, x6: 60, x8: 80, x10: 100, x12: 120, x14: 140, x16: 160, x18: 180, x20: 200
Site 10 - x2: 20, x4: 40, x6: 60, x8: 80, x9: 90, x10: 100, x12: 120, x14: 140, x16: 160, x18: 180, x19: 190, x20: 200
Site 1: T1 write x2=100
Site 2: T1 write x2=100
Site 3: T1 write x2=100
Site 4: T1 write x2=100
Site 5: T1 write x2=100
Site 6: T1 write x2=100
Site 7: T1 write x2=100
Site 8: T1 write x2=100
Site 9: T1 write x2=100
Site 10: T1 write x2=100
T3 reads on Site 1 - x2: 20
Commit: T1
T3 reads on Site 1 - x2: 20
T4 reads on Site 1 - x2: 100
Site 1: T2 write x2=50
Site 2: T2 write x2=50
Site 3: T2 write x2=50
Site 4: T2 write x2=50
Site 5: T2 write x2=50
Site 6: T2 write x2=50
Site 7: T2 write x2=50
Site 8: T2 write x2=50
Site 9: T2 write x2=50
Site 10: T2 write x2=50
Commit: T2
T3 reads on Site 1 - x2: 20
T4 reads on Site 1 - x2: 100
T5 reads on Site 1 - x2: 50
Commit: T3
Commit: T4
Commit: T5
Site 1 - x2: 50, x4: 40, x6: 60, x8: 80, x10: 100, x12: 120, x14: 140, x16: 160, x18: 180, x20: 200
Site 2 - x1: 10, x2: 50, x4: 40, x6: 60, x8: 80, x10: 100, x11: 110, x12: 120, x14: 140, x16: 160, x18: 180, x20: 200
Site 3 - x2: 50, x4: 40, x6: 60, x8: 80, x10: 100, x12: 120, x14: 140, x16: 160, x18: 180, x20: 200
Site 4 - x2: 50, x3: 30, x4: 40, x6: 60, x8: 80, x10: 100, x12: 120, x13: 130, x14: 140, x16: 160, x18: 180, x20: 200
Site 5 - x2: 50, x4: 40, x6: 60, x8: 80, x10: 100, x12: 120, x14: 140, x16: 160, x18: 180, x20: 200
Site 6 - x2: 50, x4: 40, x5: 50, x6: 60, x8: 80, x10: 100, x12: 120, x14: 140, x15: 150, x16: 160, x18: 180, x20: 200
Site 7 - x2: 50, x4: 40, x6: 60, x8: 80, x10: 100, x12: 120, x14: 140, x16: 160, x18: 180, x20: 200
Site 8 - x2: 50, x4: 40, x6: 60, x7: 70, x8: 80, x10: 100, x12: 120, x14: 140, x16: 160, x17: 170, x18: 180, x20: 200
Site 9 - x2: 50, x4: 40, x6: 60, x8: 80, x10: 100, x12: 120, x14: 140, x16: 160, x18: 180, x20: 200
Site 10 - x2: 50, x4: 40, x6: 60, x8: 80, x9: 90, x10: 100, x12: 120, x14: 140, x16: 160, x18: 180, x19: 190, x20: 200
Site 1: T7 write x6=20
Site 2: T7 write x6=20
Site 3: T7 write x6=20
Site 4: T7 write x6=20
Site 5: T7 write x6=20
Site 6: T7 write x6=20
Site 7: T7 write x6=20
Site 8: T7 write x6=20
Site 9: T7 write x6=20
Site 10: T7 write x6=20
Site 1: T6 write x8=200
Site 2: T6 write x8=200
Site 3: T6 write x8=200
Site 4: T6 write x8=200
Site 5: T6 write x8=200
Site 6: T6 write x8=200
Site 7: T6 write x8=200
Site 8: T6 write x8=200
Site 9: T6 write x8=200
Site 10: T6 write x8=200
Site 1: T8 write x10=500
Site 2: T8 write x10=500
Site 3: T8 write x10=500
Site 4: T8 write x10=500
Site 5: T8 write x10=500
Site 6: T8 write x10=500
Site 7: T8 write x10=500
Site 8: T8 write x10=500
Site 9: T8 write x10=500
Site 10: T8 write x10=500
Transaction T6 blocked by a lock conflict. Locks: [T7]
Transaction T7 blocked by a lock conflict. Locks: [T8]
Transaction T8 blocked by a lock conflict. Locks: [T6]
Abort: T8
T7 reads on Site 1 - x10: 100
Commit: T7
T6 reads on Site 1 - x6: 20
T6 reads on Site 1 - x10: 100
T6 reads on Site 1 - x8: 200
Commit: T6
Site 1 - x2: 50, x4: 40, x6: 20, x8: 200, x10: 100, x12: 120, x14: 140, x16: 160, x18: 180, x20: 200
Site 2 - x1: 10, x2: 50, x4: 40, x6: 20, x8: 200, x10: 100, x11: 110, x12: 120, x14: 140, x16: 160, x18: 180, x20: 200
Site 3 - x2: 50, x4: 40, x6: 20, x8: 200, x10: 100, x12: 120, x14: 140, x16: 160, x18: 180, x20: 200
Site 4 - x2: 50, x3: 30, x4: 40, x6: 20, x8: 200, x10: 100, x12: 120, x13: 130, x14: 140, x16: 160, x18: 180, x20: 200
Site 5 - x2: 50, x4: 40, x6: 20, x8: 200, x10: 100, x12: 120, x14: 140, x16: 160, x18: 180, x20: 200
Site 6 - x2: 50, x4: 40, x5: 50, x6: 20, x8: 200, x10: 100, x12: 120, x14: 140, x15: 150, x16: 160, x18: 180, x20: 200
Site 7 - x2: 50, x4: 40, x6: 20, x8: 200, x10: 100, x12: 120, x14: 140, x16: 160, x18: 180, x20: 200
Site 8 - x2: 50, x4: 40, x6: 20, x7: 70, x8: 200, x10: 100, x12: 120, x14: 140, x16: 160, x17: 170, x18: 180, x20: 200
Site 9 - x2: 50, x4: 40, x6: 20, x8: 200, x10: 100, x12: 120, x14: 140, x16: 160, x18: 180, x20: 200
Site 10 - x2: 50, x4: 40, x6: 20, x8: 200, x9: 90, x10: 100, x12: 120, x14: 140, x16: 160, x18: 180, x19: 190, x20: 200
Transaction T9 blocked because site is down.
T9 reads on Site 4 - x3: 30
T9 reads on Site 5 - x2: 50
Site 4: T9 write x2=9
Site 5: T9 write x2=9
Site 6: T9 write x2=9
Site 7: T9 write x2=9
Site 8: T9 write x2=9
Site 9: T9 write x2=9
Site 10: T9 write x2=9
Commit: T9
T10 reads on Site 4 - x2: 9
Site 5: T11 write x2=112
Commit: T11
Abort: T12
