Site 2: T1 write x1=101
Site 1: T2 write x2=202
Site 2: T2 write x2=202
Site 3: T2 write x2=202
Site 4: T2 write x2=202
Site 5: T2 write x2=202
Site 6: T2 write x2=202
Site 7: T2 write x2=202
Site 8: T2 write x2=202
Site 9: T2 write x2=202
Site 10: T2 write x2=202
Transaction T1 blocked by a lock conflict.
Transaction T2 blocked by a lock conflict.
Abort: T2
Site 1: T1 write x2=102
Site 2: T1 write x2=102
Site 3: T1 write x2=102
Site 4: T1 write x2=102
Site 5: T1 write x2=102
Site 6: T1 write x2=102
Site 7: T1 write x2=102
Site 8: T1 write x2=102
Site 9: T1 write x2=102
Site 10: T1 write x2=102
Commit: T1
Site 1 - x2: 102, x4: 40, x6: 60, x8: 80, x10: 100, x12: 120, x14: 140, x16: 160, x18: 180, x20: 200
Site 2 - x1: 101, x2: 102, x4: 40, x6: 60, x8: 80, x10: 100, x11: 110, x12: 120, x14: 140, x16: 160, x18: 180, x20: 200
Site 3 - x2: 102, x4: 40, x6: 60, x8: 80, x10: 100, x12: 120, x14: 140, x16: 160, x18: 180, x20: 200
Site 4 - x2: 102, x3: 30, x4: 40, x6: 60, x8: 80, x10: 100, x12: 120, x13: 130, x14: 140, x16: 160, x18: 180, x20: 200
Site 5 - x2: 102, x4: 40, x6: 60, x8: 80, x10: 100, x12: 120, x14: 140, x16: 160, x18: 180, x20: 200
Site 6 - x2: 102, x4: 40, x5: 50, x6: 60, x8: 80, x10: 100, x12: 120, x14: 140, x15: 150, x16: 160, x18: 180, x20: 200
Site 7 - x2: 102, x4: 40, x6: 60, x8: 80, x10: 100, x12: 120, x14: 140, x16: 160, x18: 180, x20: 200
Site 8 - x2: 102, x4: 40, x6: 60, x7: 70, x8: 80, x10: 100, x12: 120, x14: 140, x16: 160, x17: 170, x18: 180, x20: 200
Site 9 - x2: 102, x4: 40, x6: 60, x8: 80, x10: 100, x12: 120, x14: 140, x16: 160, x18: 180, x20: 200
Site 10 - x2: 102, x4: 40, x6: 60, x8: 80, x9: 90, x10: 100, x12: 120, x14: 140, x16: 160, x18: 180, x19: 190, x20: 200
